  --- Physical volume ---
  PV Name               /dev/VolGroup00/apknaprmv
  VG Name               apknaprmv
  PV Size               20,00 GB / not usable 4,00 MB
  Allocatable           yes
  PE Size (KByte)       4096
  Total PE              5119
  Free PE               1
  Allocated PE          5118
  PV UUID               oUfjhg-CCfJ-SQqK-JMKX-coQ9-ztf4-vCSPw4

  --- Physical volume ---
  PV Name               /dev/VolGroup00/decision
  VG Name               decision
  PV Size               20,00 GB / not usable 4,00 MB
  Allocatable           yes
  PE Size (KByte)       4096
  Total PE              5119
  Free PE               1
  Allocated PE          5118
  PV UUID               UDzt6R-cXLl-k9wA-YmeR-31OT-LRHq-9wBkEf

  --- Physical volume ---
  PV Name               /dev/VolGroup00/apkrmv
  VG Name               apkrmv
  PV Size               20,00 GB / not usable 4,00 MB
  Allocatable           yes
  PE Size (KByte)       4096
  Total PE              5119
  Free PE               1
  Allocated PE          5118
  PV UUID               45jdrZ-N56h-Sec3-ds1E-b8Fe-IRZt-jdgxXw

  --- Physical volume ---
  PV Name               /dev/VolGroup00/analyzlth
  VG Name               analyzlth
  PV Size               20,00 GB / not usable 4,00 MB
  Allocatable           yes
  PE Size (KByte)       4096
  Total PE              5119
  Free PE               1
  Allocated PE          5118
  PV UUID               WXATlf-ln8G-6rMZ-rw7C-IQSw-E0vQ-zfNmCq

  --- Physical volume ---
  PV Name               /dev/VolGroup00/analyzator5
  VG Name               analyzator5
  PV Size               20,00 GB / not usable 4,00 MB
  Allocatable           yes
  PE Size (KByte)       4096
  Total PE              5119
  Free PE               1
  Allocated PE          5118
  PV UUID               Sce2RK-Coyg-p10F-lWLs-EBKI-EmLG-4YKJLk

  --- Physical volume ---
  PV Name               /dev/VolGroup00/analyzator4
  VG Name               analyzator4
  PV Size               20,00 GB / not usable 4,00 MB
  Allocatable           yes
  PE Size (KByte)       4096
  Total PE              5119
  Free PE               1
  Allocated PE          5118
  PV UUID               KMNhmp-T339-ER71-hpJH-xO2F-jFvW-cVeuCe

  --- Physical volume ---
  PV Name               /dev/VolGroup00/analyzator3
  VG Name               analyzator3
  PV Size               20,00 GB / not usable 4,00 MB
  Allocatable           yes
  PE Size (KByte)       4096
  Total PE              5119
  Free PE               1
  Allocated PE          5118
  PV UUID               PLdIUJ-voor-7QDL-iIUe-S555-1V0u-uDypiu

  --- Physical volume ---
  PV Name               /dev/VolGroup00/analyzator2
  VG Name               analyzator2
  PV Size               20,00 GB / not usable 4,00 MB
  Allocatable           yes
  PE Size (KByte)       4096
  Total PE              5119
  Free PE               4
  Allocated PE          5115
  PV UUID               cUVfR7-va0M-WU0z-1mWW-bRo2-EJJm-cmUGxv

  --- Physical volume ---
  PV Name               /dev/VolGroup00/analyzator1
  VG Name               analyzator1
  PV Size               20,00 GB / not usable 4,00 MB
  Allocatable           yes
  PE Size (KByte)       4096
  Total PE              5119
  Free PE               11
  Allocated PE          5108
  PV UUID               ttfP63-s7e1-hey3-whMZ-bAaQ-fKLG-y6t4H5

  --- Physical volume ---
  PV Name               /dev/sda2
  VG Name               VolGroup00
  PV Size               249,90 GB / not usable 22,74 MB
  Allocatable           yes
  PE Size (KByte)       32768
  Total PE              7996
  Free PE               130
  Allocated PE          7866
  PV UUID               gd39Dg-bm5n-0YUT-HREB-5h71-oQ2P-irWP1n

  --- Physical volume ---
  PV Name               /dev/VolGroup00/quality
  VG Name               quality
  PV Size               20,00 GB / not usable 4,00 MB
  Allocatable           yes
  PE Size (KByte)       4096
  Total PE              5119
  Free PE               24
  Allocated PE          5095
  PV UUID               2breXi-I3UP-gYJP-djEb-I7QK-3HBY-ON6M3g
